COMMAND: C:\Users\Ricky.Reyes.CST\AppData\Local\anaconda3\envs\cupy-env\python.exe C:\Users\Ricky.Reyes.CST\Desktop\RESEARCH\LHC\lhcb_wct_analysis_kit\00_inspect_root.py
START: Mon May 11 11:45:20 2026

Inspecting first ROOT file: data\00382466_00000001_1.dvntuple.root

Top-level keys:
  B0_KstMuMu;1
  B0_KstMuMu/DecayTree;1
  GetIntegratedLuminosity;1
  GetIntegratedLuminosity/LumiTuple;1

TTrees found:
  B0_KstMuMu/DecayTree;1
  GetIntegratedLuminosity/LumiTuple;1

First tree: B0_KstMuMu/DecayTree;1
Branches (435):
  B0_ENDVERTEX_X
  B0_ENDVERTEX_Y
  B0_ENDVERTEX_Z
  B0_ENDVERTEX_XERR
  B0_ENDVERTEX_YERR
  B0_ENDVERTEX_ZERR
  B0_ENDVERTEX_CHI2
  B0_ENDVERTEX_NDOF
  B0_ENDVERTEX_COV_
  B0_OWNPV_X
  B0_OWNPV_Y
  B0_OWNPV_Z
  B0_OWNPV_XERR
  B0_OWNPV_YERR
  B0_OWNPV_ZERR
  B0_OWNPV_CHI2
  B0_OWNPV_NDOF
  B0_OWNPV_COV_
  B0_IP_OWNPV
  B0_IPCHI2_OWNPV
  B0_FD_OWNPV
  B0_FDCHI2_OWNPV
  B0_DIRA_OWNPV
  B0_P
  B0_PT
  B0_PE
  B0_PX
  B0_PY
  B0_PZ
  B0_MM
  B0_MMERR
  B0_M
  B0_ID
  Kst_892_0_CosTheta
  Kst_892_0_ENDVERTEX_X
  Kst_892_0_ENDVERTEX_Y
  Kst_892_0_ENDVERTEX_Z
  Kst_892_0_ENDVERTEX_XERR
  Kst_892_0_ENDVERTEX_YERR
  Kst_892_0_ENDVERTEX_ZERR
  Kst_892_0_ENDVERTEX_CHI2
  Kst_892_0_ENDVERTEX_NDOF
  Kst_892_0_ENDVERTEX_COV_
  Kst_892_0_OWNPV_X
  Kst_892_0_OWNPV_Y
  Kst_892_0_OWNPV_Z
  Kst_892_0_OWNPV_XERR
  Kst_892_0_OWNPV_YERR
  Kst_892_0_OWNPV_ZERR
  Kst_892_0_OWNPV_CHI2
  Kst_892_0_OWNPV_NDOF
  Kst_892_0_OWNPV_COV_
  Kst_892_0_IP_OWNPV
  Kst_892_0_IPCHI2_OWNPV
  Kst_892_0_FD_OWNPV
  Kst_892_0_FDCHI2_OWNPV
  Kst_892_0_DIRA_OWNPV
  Kst_892_0_ORIVX_X
  Kst_892_0_ORIVX_Y
  Kst_892_0_ORIVX_Z
  Kst_892_0_ORIVX_XERR
  Kst_892_0_ORIVX_YERR
  Kst_892_0_ORIVX_ZERR
  Kst_892_0_ORIVX_CHI2
  Kst_892_0_ORIVX_NDOF
  Kst_892_0_ORIVX_COV_
  Kst_892_0_FD_ORIVX
  Kst_892_0_FDCHI2_ORIVX
  Kst_892_0_DIRA_ORIVX
  Kst_892_0_P
  Kst_892_0_PT
  Kst_892_0_PE
  Kst_892_0_PX
  Kst_892_0_PY
  Kst_892_0_PZ
  Kst_892_0_MM
  Kst_892_0_MMERR
  Kst_892_0_M
  Kst_892_0_ID
  Kplus_MC12TuneV2_ProbNNe
  Kplus_MC12TuneV2_ProbNNmu
  Kplus_MC12TuneV2_ProbNNpi
  Kplus_MC12TuneV2_ProbNNk
  Kplus_MC12TuneV2_ProbNNp
  Kplus_MC12TuneV2_ProbNNghost
  Kplus_MC12TuneV3_ProbNNe
  Kplus_MC12TuneV3_ProbNNmu
  Kplus_MC12TuneV3_ProbNNpi
  Kplus_MC12TuneV3_ProbNNk
  Kplus_MC12TuneV3_ProbNNp
  Kplus_MC12TuneV3_ProbNNghost
  Kplus_MC12TuneV4_ProbNNe
  Kplus_MC12TuneV4_ProbNNmu
  Kplus_MC12TuneV4_ProbNNpi
  Kplus_MC12TuneV4_ProbNNk
  Kplus_MC12TuneV4_ProbNNp
  Kplus_MC12TuneV4_ProbNNghost
  Kplus_MC15TuneV1_ProbNNe
  Kplus_MC15TuneV1_ProbNNmu
  Kplus_MC15TuneV1_ProbNNpi
  Kplus_MC15TuneV1_ProbNNk
  Kplus_MC15TuneV1_ProbNNp
  Kplus_MC15TuneV1_ProbNNghost
  Kplus_CosTheta
  Kplus_OWNPV_X
  Kplus_OWNPV_Y
  Kplus_OWNPV_Z
  Kplus_OWNPV_XERR
  Kplus_OWNPV_YERR
  Kplus_OWNPV_ZERR
  Kplus_OWNPV_CHI2
  Kplus_OWNPV_NDOF
  Kplus_OWNPV_COV_
  Kplus_IP_OWNPV
  Kplus_IPCHI2_OWNPV
  Kplus_ORIVX_X
  Kplus_ORIVX_Y
  Kplus_ORIVX_Z
  Kplus_ORIVX_XERR
  Kplus_ORIVX_YERR
  Kplus_ORIVX_ZERR
  Kplus_ORIVX_CHI2
  Kplus_ORIVX_NDOF
  Kplus_ORIVX_COV_
  Kplus_P
  Kplus_PT
  Kplus_PE
  Kplus_PX
  Kplus_PY
  Kplus_PZ
  Kplus_M
  Kplus_ID
  Kplus_PIDe
  Kplus_PIDmu
  Kplus_PIDK
  Kplus_PIDp
  Kplus_PIDd
  Kplus_ProbNNe
  Kplus_ProbNNk
  Kplus_ProbNNp
  Kplus_ProbNNpi
  Kplus_ProbNNmu
  Kplus_ProbNNd
  Kplus_ProbNNghost
  Kplus_hasMuon
  Kplus_isMuon
  Kplus_hasRich
  Kplus_UsedRichAerogel
  Kplus_UsedRich1Gas
  Kplus_UsedRich2Gas
  Kplus_RichAboveElThres
  Kplus_RichAboveMuThres
  Kplus_RichAbovePiThres
  Kplus_RichAboveKaThres
  Kplus_RichAbovePrThres
  Kplus_hasCalo
  Kplus_TRACK_Type
  Kplus_TRACK_Key
  Kplus_TRACK_CHI2NDOF
  Kplus_TRACK_PCHI2
  Kplus_TRACK_MatchCHI2
  Kplus_TRACK_GhostProb
  Kplus_TRACK_CloneDist
  Kplus_TRACK_Likelihood
  piminus_MC12TuneV2_ProbNNe
  piminus_MC12TuneV2_ProbNNmu
  piminus_MC12TuneV2_ProbNNpi
  piminus_MC12TuneV2_ProbNNk
  piminus_MC12TuneV2_ProbNNp
  piminus_MC12TuneV2_ProbNNghost
  piminus_MC12TuneV3_ProbNNe
  piminus_MC12TuneV3_ProbNNmu
  piminus_MC12TuneV3_ProbNNpi
  piminus_MC12TuneV3_ProbNNk
  piminus_MC12TuneV3_ProbNNp
  piminus_MC12TuneV3_ProbNNghost
  piminus_MC12TuneV4_ProbNNe
  piminus_MC12TuneV4_ProbNNmu
  piminus_MC12TuneV4_ProbNNpi
  piminus_MC12TuneV4_ProbNNk
  piminus_MC12TuneV4_ProbNNp
  piminus_MC12TuneV4_ProbNNghost
  piminus_MC15TuneV1_ProbNNe
  piminus_MC15TuneV1_ProbNNmu
  piminus_MC15TuneV1_ProbNNpi
  piminus_MC15TuneV1_ProbNNk
  piminus_MC15TuneV1_ProbNNp
  piminus_MC15TuneV1_ProbNNghost
  piminus_CosTheta
  piminus_OWNPV_X
  piminus_OWNPV_Y
  piminus_OWNPV_Z
  piminus_OWNPV_XERR
  piminus_OWNPV_YERR
  piminus_OWNPV_ZERR
  piminus_OWNPV_CHI2
  piminus_OWNPV_NDOF
  piminus_OWNPV_COV_
  piminus_IP_OWNPV
  piminus_IPCHI2_OWNPV
  piminus_ORIVX_X
  piminus_ORIVX_Y
  piminus_ORIVX_Z
  piminus_ORIVX_XERR
  piminus_ORIVX_YERR
  piminus_ORIVX_ZERR
  piminus_ORIVX_CHI2
  piminus_ORIVX_NDOF
  piminus_ORIVX_COV_
  piminus_P
  piminus_PT
  piminus_PE
  piminus_PX
  piminus_PY
  piminus_PZ
  piminus_M
  piminus_ID
  piminus_PIDe
  piminus_PIDmu
  piminus_PIDK
  piminus_PIDp
  piminus_PIDd
  piminus_ProbNNe
  piminus_ProbNNk
  piminus_ProbNNp
  piminus_ProbNNpi
  piminus_ProbNNmu
  piminus_ProbNNd
  piminus_ProbNNghost
  piminus_hasMuon
  piminus_isMuon
  piminus_hasRich
  piminus_UsedRichAerogel
  piminus_UsedRich1Gas
  piminus_UsedRich2Gas
  piminus_RichAboveElThres
  piminus_RichAboveMuThres
  piminus_RichAbovePiThres
  piminus_RichAboveKaThres
  piminus_RichAbovePrThres
  piminus_hasCalo
  piminus_TRACK_Type
  piminus_TRACK_Key
  piminus_TRACK_CHI2NDOF
  piminus_TRACK_PCHI2
  piminus_TRACK_MatchCHI2
  piminus_TRACK_GhostProb
  piminus_TRACK_CloneDist
  piminus_TRACK_Likelihood
  muplus_MC12TuneV2_ProbNNe
  muplus_MC12TuneV2_ProbNNmu
  muplus_MC12TuneV2_ProbNNpi
  muplus_MC12TuneV2_ProbNNk
  muplus_MC12TuneV2_ProbNNp
  muplus_MC12TuneV2_ProbNNghost
  muplus_MC12TuneV3_ProbNNe
  muplus_MC12TuneV3_ProbNNmu
  muplus_MC12TuneV3_ProbNNpi
  muplus_MC12TuneV3_ProbNNk
  muplus_MC12TuneV3_ProbNNp
  muplus_MC12TuneV3_ProbNNghost
  muplus_MC12TuneV4_ProbNNe
  muplus_MC12TuneV4_ProbNNmu
  muplus_MC12TuneV4_ProbNNpi
  muplus_MC12TuneV4_ProbNNk
  muplus_MC12TuneV4_ProbNNp
  muplus_MC12TuneV4_ProbNNghost
  muplus_MC15TuneV1_ProbNNe
  muplus_MC15TuneV1_ProbNNmu
  muplus_MC15TuneV1_ProbNNpi
  muplus_MC15TuneV1_ProbNNk
  muplus_MC15TuneV1_ProbNNp
  muplus_MC15TuneV1_ProbNNghost
  muplus_CosTheta
  muplus_OWNPV_X
  muplus_OWNPV_Y
  muplus_OWNPV_Z
  muplus_OWNPV_XERR
  muplus_OWNPV_YERR
  muplus_OWNPV_ZERR
  muplus_OWNPV_CHI2
  muplus_OWNPV_NDOF
  muplus_OWNPV_COV_
  muplus_IP_OWNPV
  muplus_IPCHI2_OWNPV
  muplus_ORIVX_X
  muplus_ORIVX_Y
  muplus_ORIVX_Z
  muplus_ORIVX_XERR
  muplus_ORIVX_YERR
  muplus_ORIVX_ZERR
  muplus_ORIVX_CHI2
  muplus_ORIVX_NDOF
  muplus_ORIVX_COV_
  muplus_P
  muplus_PT
  muplus_PE
  muplus_PX
  muplus_PY
  muplus_PZ
  muplus_M
  muplus_ID
  muplus_PIDe
  muplus_PIDmu
  muplus_PIDK
  muplus_PIDp
  muplus_PIDd
  muplus_ProbNNe
  muplus_ProbNNk
  muplus_ProbNNp
  muplus_ProbNNpi
  muplus_ProbNNmu
  muplus_ProbNNd
  muplus_ProbNNghost
  muplus_hasMuon
  muplus_isMuon
  muplus_hasRich
  muplus_UsedRichAerogel
  muplus_UsedRich1Gas
  muplus_UsedRich2Gas
  muplus_RichAboveElThres
  muplus_RichAboveMuThres
  muplus_RichAbovePiThres
  muplus_RichAboveKaThres
  muplus_RichAbovePrThres
  muplus_hasCalo
  muplus_TRACK_Type
  muplus_TRACK_Key
  muplus_TRACK_CHI2NDOF
  muplus_TRACK_PCHI2
  muplus_TRACK_MatchCHI2
  muplus_TRACK_GhostProb
  muplus_TRACK_CloneDist
  muplus_TRACK_Likelihood
  muminus_MC12TuneV2_ProbNNe
  muminus_MC12TuneV2_ProbNNmu
  muminus_MC12TuneV2_ProbNNpi
  muminus_MC12TuneV2_ProbNNk
  muminus_MC12TuneV2_ProbNNp
  muminus_MC12TuneV2_ProbNNghost
  muminus_MC12TuneV3_ProbNNe
  muminus_MC12TuneV3_ProbNNmu
  muminus_MC12TuneV3_ProbNNpi
  muminus_MC12TuneV3_ProbNNk
  muminus_MC12TuneV3_ProbNNp
  muminus_MC12TuneV3_ProbNNghost
  muminus_MC12TuneV4_ProbNNe
  muminus_MC12TuneV4_ProbNNmu
  muminus_MC12TuneV4_ProbNNpi
  muminus_MC12TuneV4_ProbNNk
  muminus_MC12TuneV4_ProbNNp
  muminus_MC12TuneV4_ProbNNghost
  muminus_MC15TuneV1_ProbNNe
  muminus_MC15TuneV1_ProbNNmu
  muminus_MC15TuneV1_ProbNNpi
  muminus_MC15TuneV1_ProbNNk
  muminus_MC15TuneV1_ProbNNp
  muminus_MC15TuneV1_ProbNNghost
  muminus_CosTheta
  muminus_OWNPV_X
  muminus_OWNPV_Y
  muminus_OWNPV_Z
  muminus_OWNPV_XERR
  muminus_OWNPV_YERR
  muminus_OWNPV_ZERR
  muminus_OWNPV_CHI2
  muminus_OWNPV_NDOF
  muminus_OWNPV_COV_
  muminus_IP_OWNPV
  muminus_IPCHI2_OWNPV
  muminus_ORIVX_X
  muminus_ORIVX_Y
  muminus_ORIVX_Z
  muminus_ORIVX_XERR
  muminus_ORIVX_YERR
  muminus_ORIVX_ZERR
  muminus_ORIVX_CHI2
  muminus_ORIVX_NDOF
  muminus_ORIVX_COV_
  muminus_P
  muminus_PT
  muminus_PE
  muminus_PX
  muminus_PY
  muminus_PZ
  muminus_M
  muminus_ID
  muminus_PIDe
  muminus_PIDmu
  muminus_PIDK
  muminus_PIDp
  muminus_PIDd
  muminus_ProbNNe
  muminus_ProbNNk
  muminus_ProbNNp
  muminus_ProbNNpi
  muminus_ProbNNmu
  muminus_ProbNNd
  muminus_ProbNNghost
  muminus_hasMuon
  muminus_isMuon
  muminus_hasRich
  muminus_UsedRichAerogel
  muminus_UsedRich1Gas
  muminus_UsedRich2Gas
  muminus_RichAboveElThres
  muminus_RichAboveMuThres
  muminus_RichAbovePiThres
  muminus_RichAboveKaThres
  muminus_RichAbovePrThres
  muminus_hasCalo
  muminus_TRACK_Type
  muminus_TRACK_Key
  muminus_TRACK_CHI2NDOF
  muminus_TRACK_PCHI2
  muminus_TRACK_MatchCHI2
  muminus_TRACK_GhostProb
  muminus_TRACK_CloneDist
  muminus_TRACK_Likelihood
  nCandidate
  totCandidates
  EventInSequence
  runNumber
  eventNumber
  BCID
  BCType
  OdinTCK
  L0DUTCK
  HLT1TCK
  HLT2TCK
  GpsTime
  Polarity
  L0Global
  Hlt1Global
  Hlt2Global

END: Mon May 11 11:45:23 2026
RETURN_CODE: 0
SECONDS: 3.15
