COMMAND: C:\Users\Ricky.Reyes.CST\AppData\Local\anaconda3\envs\cupy-env\python.exe C:\Users\Ricky.Reyes.CST\Desktop\RESEARCH\LHC\lhcb_wct_analysis_kit\10_compute_angles.py
START: Mon May 11 11:05:41 2026

[gpu] CuPy available: True
[gpu] USE_CUPY: True
[gpu] using GPU: True
[load] ROOT files
[load] data\00382466_00000001_1.dvntuple.root
[load] tree = B0_KstMuMu/DecayTree
[load] branches = 27
[load] data\00382466_00000002_1.dvntuple.root
[load] tree = B0_KstMuMu/DecayTree
[load] branches = 27
[load] data\00382466_00000003_1.dvntuple.root
[load] tree = B0_KstMuMu/DecayTree
[load] branches = 27
[load] data\00382467_00000001_1.dvntuple.root
[load] tree = B0_KstMuMu/DecayTree
[load] branches = 27
[load] data\00382467_00000002_1.dvntuple.root
[load] tree = B0_KstMuMu/DecayTree
[load] branches = 27
[load] data\00382467_00000003_1.dvntuple.root
[load] tree = B0_KstMuMu/DecayTree
[load] branches = 27
[load] rows: 18,062,794
[compute] angles
[check] dimuon  rest |p| median = 1.281525e-10
[check] dimuon  rest |p| p95    = 1.952763e-09
[check] dimuon  rest E median   = 1.318489e+03
[check] Kstar   rest |p| median = 6.192125e-11
[check] Kstar   rest |p| p95    = 9.903496e-10
[check] Kstar   rest E median   = 8.849243e+02
[check] B_reco  rest |p| median = 1.535491e-10
[check] B_reco  rest |p| p95    = 1.865257e-09
[check] B_reco  rest E median   = 2.870306e+03
[save] outputs
[save] outputs_angles\angles.parquet
[save] outputs_angles\angles.csv
[save] outputs_angles\angle_summary.json
[save] outputs_angles\angle_distributions.png

================================================================================
ANGLE COMPUTATION SUMMARY
================================================================================
{
  "n_total": 18062794,
  "n_finite_angles": 18062794,
  "n_in_q2_range": 17411254,
  "n_in_B0_window": 358876,
  "n_in_Kst_window": 10717857,
  "n_in_charmonium_veto": 2421665,
  "n_passes_signal_selection": 19220,
  "gpu": {
    "cupy_available": true,
    "use_cupy": true,
    "using_gpu": true
  },
  "angle_health": {
    "cosThetaL_has_spread": true,
    "cosThetaK_has_spread": true,
    "phi_has_spread": true,
    "cosThetaL_range_ok": true,
    "cosThetaK_range_ok": true,
    "phi_range_ok": true,
    "angles_usable": true
  },
  "angle_stats_all": {
    "q2": {
      "n": 18062794,
      "mean": 3.2759633977686495,
      "std": 3.9932449798642335,
      "min": 0.0446548247808516,
      "p01": 0.06481094226848125,
      "p05": 0.13552878099758478,
      "median": 1.7384125856693982,
      "p95": 9.660463412503338,
      "p99": 14.732742272065082,
      "max": 82.7996975511322
    },
    "Kst_mass": {
      "n": 18062794,
      "mean": 880.9549479274211,
      "std": 103.80604908161193,
      "min": 645.041083962782,
      "p01": 703.3114086234747,
      "p05": 716.8625859866181,
      "median": 884.9157975480598,
      "p95": 1063.722338065597,
      "p99": 1092.4295823988427,
      "max": 1113.9224613946535
    },
    "B0_M": {
      "n": 18062794,
      "mean": 3066.7708397235656,
      "std": 1123.4741423936846,
      "min": 1438.1689313097893,
      "p01": 1538.8277023435771,
      "p05": 1664.4360531422863,
      "median": 2870.0283099647254,
      "p95": 5132.952269405766,
      "p99": 6313.124535442076,
      "max": 16016.534956100835
    },
    "cosThetaL": {
      "n": 18062794,
      "mean": 0.19254536719126622,
      "std": 0.5916063848934201,
      "min": -0.9999999531510259,
      "p01": -0.9759698310538641,
      "p05": -0.8599484077692227,
      "median": 0.312663231420775,
      "p95": 0.948618323149844,
      "p99": 0.9907060002377075,
      "max": 0.9999999721562604
    },
    "cosThetaK": {
      "n": 18062794,
      "mean": 0.05636042048981561,
      "std": 0.6040034418329507,
      "min": -0.9999998248483974,
      "p01": -0.9802006970727951,
      "p05": -0.9006022764423766,
      "median": 0.07945304783844745,
      "p95": 0.9375332080148429,
      "p99": 0.9884814407075996,
      "max": 0.999999914235769
    },
    "phi": {
      "n": 18062794,
      "mean": -0.00010237229843031547,
      "std": 1.9217467689507814,
      "min": -3.1415926125865403,
      "p01": -3.1006512935039674,
      "p05": -2.9180281386751297,
      "median": -0.0002743936111264093,
      "p95": 2.917765655554445,
      "p99": 3.100631451167536,
      "max": 3.1415925849229347
    }
  },
  "angle_stats_signal_selection": {
    "q2": {
      "n": 19220,
      "mean": 7.958660737824042,
      "std": 5.137224382723086,
      "min": 0.10068041064071655,
      "p01": 0.15957806128561913,
      "p05": 0.6199344688287616,
      "median": 7.211453678953172,
      "p95": 16.748695293782614,
      "p99": 18.151157825612263,
      "max": 18.95427592679024
    },
    "Kst_mass": {
      "n": 19220,
      "mean": 896.8251685171812,
      "std": 51.72691171838957,
      "min": 795.9030641353629,
      "p01": 798.4074049981311,
      "p05": 809.514926118236,
      "median": 896.8168012405076,
      "p95": 982.6589947682772,
      "p99": 993.4696214477558,
      "max": 995.8937882625837
    },
    "B0_M": {
      "n": 19220,
      "mean": 5279.7216467945655,
      "std": 27.68397032593063,
      "min": 5230.008221790952,
      "p01": 5231.180524508088,
      "p05": 5235.769972028918,
      "median": 5279.515886896717,
      "p95": 5324.443050686096,
      "p99": 5328.778850730291,
      "max": 5329.991181981404
    },
    "cosThetaL": {
      "n": 19220,
      "mean": 0.01995302448279897,
      "std": 0.5824681775737975,
      "min": -0.9999693679187166,
      "p01": -0.9884276804665578,
      "p05": -0.9074368428884422,
      "median": -0.002381663815248328,
      "p95": 0.9505293719412066,
      "p99": 0.992824620565296,
      "max": 0.9999983225347729
    },
    "cosThetaK": {
      "n": 19220,
      "mean": -0.07415885641304479,
      "std": 0.5595722608784095,
      "min": -0.9999965665902533,
      "p01": -0.984161146844195,
      "p05": -0.9231677364480924,
      "median": -0.07735839745565892,
      "p95": 0.8117575583261898,
      "p99": 0.9332639427221949,
      "max": 0.9992157438097857
    },
    "phi": {
      "n": 19220,
      "mean": 0.009975829161700641,
      "std": 1.8067985767992325,
      "min": -3.1412057435432668,
      "p01": -3.0848278638497373,
      "p05": -2.841034567964803,
      "median": 0.026917663437375013,
      "p95": 2.836667261528051,
      "p99": 3.0814292885236414,
      "max": 3.14109918807547
    }
  },
  "convention": {
    "cosThetaL": "mu+ vs -B direction in dimuon rest frame",
    "cosThetaK": "K+ vs -B direction in K* rest frame",
    "phi": "signed angle between Kpi and mumu planes in B rest frame"
  },
  "warning": "For LHCb-publication P5' comparison, validate CP/flavor angle convention."
}

Saved folder: outputs_angles

OK: derived angles appear usable for angular log-cos / P5-proxy tests.

END: Mon May 11 11:09:42 2026
RETURN_CODE: 0
SECONDS: 241.02
