COMMAND: C:\Users\Ricky.Reyes.CST\AppData\Local\anaconda3\envs\cupy-env\python.exe C:\Users\Ricky.Reyes.CST\Desktop\RESEARCH\LHC\lhcb_wct_analysis_kit\19_koide_well.py
START: Mon May 11 11:45:30 2026

====================================================================================================
WCT WELL-FIRST KOIDE TEST
====================================================================================================
[gpu] CuPy available: True
[config] active intervals: [(0.1, 8.0), (11.0, 12.5), (14.5, 19.0)]
[config] Delta ell active = 4.7801503359
[config] k scan: [6.0, 32.0], N=1301
[config] k(10),k(15),k(20)=(13.144326, 19.716489, 26.288651)
====================================================================================================
[load] data\00382466_00000001_1.dvntuple.root
[q2] derived from muon four-vectors
[load] data\00382466_00000002_1.dvntuple.root
[q2] derived from muon four-vectors
[load] data\00382466_00000003_1.dvntuple.root
[q2] derived from muon four-vectors
[load] data\00382467_00000001_1.dvntuple.root
[q2] derived from muon four-vectors
[load] data\00382467_00000002_1.dvntuple.root
[q2] derived from muon four-vectors
[load] data\00382467_00000003_1.dvntuple.root
[q2] derived from muon four-vectors
[info] loaded q2-range events: 17,411,254

====================================================================================================
[region] signal_B_signal_Kst
  B_window=(5230.0, 5330.0)
  Kst_window=(795.9, 995.9)
  N_active=15,863
====================================================================================================
[base] region=signal_B_signal_Kst D_base=1936.823863 A1=0.101644
  scanned 200/1301
  scanned 400/1301
  scanned 600/1301
  scanned 800/1301
  scanned 1000/1301
  scanned 1200/1301

[top raw wells]
 well_rank     k     n_eff     deltaD  prominence  nearest_integer_n  distance_to_integer  distance_to_n10  distance_to_n15  distance_to_n20       A2      phi2  bound_active
         1 15.96 12.142121 256.346113  225.338472               12.0             0.142121         2.142121         2.857879         7.857879 0.141421 -0.785398          True
         2 17.20 13.085494 250.575407   44.545750               13.0             0.085494         3.085494         1.914506         6.914506 0.141421  2.356194          True
         3 14.68 11.168317 223.021824   29.545453               11.0             0.168317         1.168317         3.831683         8.831683 0.141421  2.356194          True
         4 18.42 14.013651 200.484436   24.906888               14.0             0.013651         4.013651         0.986349         5.986349 0.141421 -0.785398          True
         5 19.60 14.911377 154.256284    5.893203               15.0             0.088623         4.911377         0.088623         5.088623 0.135770  2.398737          True
         6 20.80 15.824319 147.901613   12.829797               16.0             0.175681         5.824319         0.824319         4.175681 0.137848 -0.759130          True
         7 23.18 17.634986 132.576472   49.679124               18.0             0.365014         7.634986         2.634986         2.365014 0.131243 -0.866308          True
         8  9.14  6.953571 125.087650   89.179378                7.0             0.046429         3.046429         8.046429        13.046429 0.137917  0.811144          True
         9 25.08 19.080477 124.688872   11.402994               19.0             0.080477         9.080477         4.080477         0.919523 0.127828  0.672445          True
        10 24.32 18.502280 115.672739    1.591609               19.0             0.497720         8.502280         3.502280         1.497720 0.121182  2.541366          True

[best Koide-implying triplets]
       n1        n2        n3    k1    k2    k3    Q_low   Q_high   Q_mean  koide_error  target_label_best  target_error_best  integer_error_10_15_20     score
12.142121 17.634986 23.508243 15.96 23.18 30.90 0.688525 0.666523 0.677524     0.021858       koide_2over3           0.021858                4.882582 53.133758
12.142121 18.502280 23.508243 15.96 24.32 30.90 0.656250 0.635280 0.645765     0.033070     empirical_0p65           0.015992                5.400224 44.507479
11.168317 17.634986 23.508243 14.68 23.18 30.90 0.633305 0.666523 0.649914     0.033362     empirical_0p65           0.023489                4.540472 45.776510
 6.953571 11.168317 14.911377  9.14 14.68 19.60 0.622616 0.667575 0.645095     0.044060     empirical_0p65           0.032539                7.060921 43.306618
13.085494 18.502280 23.508243 17.20 24.32 30.90 0.707237 0.635280 0.671258     0.051294       koide_2over3           0.051294                5.839008 37.270082
13.085494 19.080477 23.508243 17.20 25.08 30.90 0.685805 0.616029 0.650917     0.054134     empirical_0p65           0.049357                6.203091 36.493191
12.142121 19.080477 23.508243 15.96 25.08 30.90 0.636364 0.616029 0.626196     0.059013 quark_like_0p63026           0.015485                5.791955 36.805100
 6.953571 11.168317 14.013651  9.14 14.68 18.42 0.622616 0.627384 0.625000     0.059022 quark_like_0p63026           0.008167                7.732974 41.477262
 6.953571 11.168317 15.824319  9.14 14.68 20.80 0.622616 0.708447 0.665531     0.060713       koide_2over3           0.060713                6.434193 40.068375
11.168317 18.502280 23.508243 14.68 24.32 30.90 0.603618 0.635280 0.619449     0.070429 quark_like_0p63026           0.027110                5.093005 32.296699

====================================================================================================
[region] B_low_sideband_Kst_signal
  B_window=(5000.0, 5180.0)
  Kst_window=(795.9, 995.9)
  N_active=29,533
====================================================================================================
[base] region=B_low_sideband_Kst_signal D_base=4049.998314 A1=0.087543
  scanned 200/1301
  scanned 400/1301
  scanned 600/1301
  scanned 800/1301
  scanned 1000/1301
  scanned 1200/1301

[top raw wells]
 well_rank     k     n_eff     deltaD  prominence  nearest_integer_n  distance_to_integer  distance_to_n10  distance_to_n15  distance_to_n20       A2      phi2  bound_active
         1 17.88 13.602828 484.000686  407.045499               14.0             0.397172         3.602828         1.397172         6.397172 0.141421  0.785398          True
         2 15.94 12.126906 446.228127   80.858768               12.0             0.126906         2.126906         2.873094         7.873094 0.141421 -0.785398          True
         3 25.00 19.019614 399.361183  221.986486               19.0             0.019614         9.019614         4.019614         0.980386 0.141421  0.785398          True
         4 10.02  7.623061 397.758207  114.910205                8.0             0.376939         2.376939         7.376939        12.376939 0.141421 -0.785398          True
         5 19.14 14.561416 393.985946   36.222034               15.0             0.438584         4.561416         0.438584         5.438584 0.141421 -2.356194          True
         6 14.52 11.046592 387.569442   34.233936               11.0             0.046592         1.046592         3.953408         8.953408 0.141421  2.356194          True
         7 26.26 19.978202 342.874468   36.290216               20.0             0.021798         9.978202         4.978202         0.021798 0.141421 -2.356194          True
         8  6.12  4.656001 335.909709    5.291197                5.0             0.343999         5.343999        10.343999        15.343999 0.136156 -2.316734          True
         9 13.72 10.437964 332.972964   25.945187               10.0             0.437964         0.437964         4.562036         9.562036 0.141421 -2.356194          True
        10 11.40  8.672944 327.506121   32.139896                9.0             0.327056         1.327056         6.327056        11.327056 0.141421  2.356194          True

[best Koide-implying triplets]
       n1        n2        n3    k1    k2    k3    Q_low   Q_high   Q_mean  koide_error target_label_best  target_error_best  integer_error_10_15_20      score
 9.814121 14.561416 19.019614 12.90 19.14 25.00 0.673981 0.653083 0.663532     0.015428      koide_2over3           0.015428                1.089983 224.073856
 9.814121 14.561416 19.978202 12.90 19.14 26.26 0.673981 0.685998 0.679990     0.020669      koide_2over3           0.020669                0.476846 215.614640
 7.623061 11.046592 14.561416 10.02 14.52 19.14 0.690083 0.659091 0.674587     0.024611      koide_2over3           0.024611                7.131442 115.682438
 8.672944 13.602828 18.076241 11.40 17.88 23.76 0.637584 0.664430 0.651007     0.029169    empirical_0p65           0.019036                2.722869 156.450125
 8.672944 13.602828 19.019614 11.40 17.88 25.00 0.637584 0.699105 0.668345     0.043567      koide_2over3           0.043567                2.162019 153.487736
 9.814121 14.561416 18.076241 12.90 19.14 23.76 0.673981 0.620690 0.647335     0.046555    empirical_0p65           0.037871                1.981857 129.720527
10.437964 14.561416 19.019614 13.72 19.14 25.00 0.716823 0.653083 0.684953     0.051964      koide_2over3           0.051964                1.159882 145.010000
10.437964 14.561416 19.978202 13.72 19.14 26.26 0.716823 0.685998 0.701411     0.053753      koide_2over3           0.053753                0.620196 142.708584
 9.814121 13.602828 18.076241 12.90 17.88 23.76 0.721477 0.664430 0.692953     0.054855      koide_2over3           0.054855                2.384846 126.356878
 7.623061 11.046592 13.602828 10.02 14.52 17.88 0.690083 0.615702 0.652893     0.056086    empirical_0p65           0.052754                7.886893  96.735558

====================================================================================================
[region] B_high_sideband_Kst_signal
  B_window=(5380.0, 5600.0)
  Kst_window=(795.9, 995.9)
  N_active=26,244
====================================================================================================
[base] region=B_high_sideband_Kst_signal D_base=2612.339800 A1=0.070817
  scanned 200/1301
  scanned 400/1301
  scanned 600/1301
  scanned 800/1301
  scanned 1000/1301
  scanned 1200/1301

[top raw wells]
 well_rank     k     n_eff     deltaD  prominence  nearest_integer_n  distance_to_integer  distance_to_n10  distance_to_n15  distance_to_n20       A2      phi2  bound_active
         1 16.42 12.492082 342.609112  281.849406               12.0             0.492082         2.492082         2.507918         7.507918 0.141421 -2.356194          True
         2 15.16 11.533494 328.748657   44.780782               12.0             0.466506         1.533494         3.466506         8.466506 0.141421  0.785398          True
         3 13.90 10.574905 290.045297   24.478848               11.0             0.425095         0.574905         4.425095         9.425095 0.141421 -2.356194          True
         4 17.68 13.450671 279.797164   15.914280               13.0             0.450671         3.450671         1.549329         6.549329 0.141421  0.785398          True
         5 28.40 21.606281 180.062955  112.305700               22.0             0.393719        11.606281         6.606281         1.606281 0.118208 -1.008368          True
         6 25.84 19.658673 130.591661   19.621608               20.0             0.341327         9.658673         4.658673         0.341327 0.101942 -0.953529         False
         7 30.20 22.975694 124.729617    7.253512               23.0             0.024306        12.975694         7.975694         2.975694 0.099746  0.824814         False
         8 24.46 18.608790 109.129496    3.159250               19.0             0.391210         8.608790         3.608790         1.391210 0.093622  2.472820         False
         9  8.26  6.284080  67.659364   45.199215                6.0             0.284080         3.715920         8.715920        13.715920 0.128401  2.293752          True

[best Koide-implying triplets]
       n1        n2        n3    k1    k2    k3    Q_low   Q_high   Q_mean  koide_error  target_label_best  target_error_best  integer_error_10_15_20     score
12.492082 18.608790 22.975694 16.42 24.46 30.20 0.671300 0.617334 0.644317     0.049549     empirical_0p65           0.038997                5.299867 53.920373
11.533494 18.608790 22.975694 15.16 24.46 30.20 0.619787 0.617334 0.618561     0.068054 quark_like_0p63026           0.016636                4.922370 47.695517
13.450671 18.608790 22.975694 17.68 24.46 30.20 0.722813 0.617334 0.670074     0.074740       koide_2over3           0.074740                5.812508 39.619072
 6.284080 10.574905 13.450671  8.26 13.90 17.68 0.594245 0.635971 0.615108     0.078659 quark_like_0p63026           0.036465                8.734027 41.262492
13.450671 19.658673 22.975694 17.68 25.84 30.20 0.684211 0.584365 0.634288     0.084150 quark_like_0p63026           0.070831                6.516526 37.687905
12.492082 18.608790 21.606281 16.42 24.46 28.40 0.671300 0.580540 0.625920     0.086252 quark_like_0p63026           0.064470                4.670544 48.705870
12.492082 19.658673 22.975694 16.42 25.84 30.20 0.635449 0.584365 0.609907     0.088023 quark_like_0p63026           0.046187                6.063700 42.258044
11.533494 18.608790 21.606281 15.16 24.46 28.40 0.619787 0.580540 0.600164     0.098059 quark_like_0p63026           0.050811                4.237347 45.663756
13.450671 18.608790 21.606281 17.68 24.46 28.40 0.722813 0.580540 0.651676     0.102812     empirical_0p65           0.100630                5.245058 38.853014
 6.284080 10.574905 12.492082  8.26 13.90 16.42 0.594245 0.590647 0.592446     0.104995 quark_like_0p63026           0.053537                9.474088 38.949245

====================================================================================================
WELL-FIRST KOIDE SUMMARY
====================================================================================================
Saved: outputs_wct_well_first_koide\well_first_scan_curve.csv
Saved: outputs_wct_well_first_koide\well_first_wells.csv
Saved: outputs_wct_well_first_koide\well_first_triplets.csv
Saved: outputs_wct_well_first_koide\well_first_summary.json

[global best raw-well Koide triplets]
                    region        n1        n2        n3    Q_low   Q_high   Q_mean  koide_error target_label_best  integer_error_10_15_20      score
 B_low_sideband_Kst_signal  9.814121 14.561416 19.019614 0.673981 0.653083 0.663532     0.015428      koide_2over3                1.089983 224.073856
 B_low_sideband_Kst_signal  9.814121 14.561416 19.978202 0.673981 0.685998 0.679990     0.020669      koide_2over3                0.476846 215.614640
       signal_B_signal_Kst 12.142121 17.634986 23.508243 0.688525 0.666523 0.677524     0.021858      koide_2over3                4.882582  53.133758
 B_low_sideband_Kst_signal  7.623061 11.046592 14.561416 0.690083 0.659091 0.674587     0.024611      koide_2over3                7.131442 115.682438
 B_low_sideband_Kst_signal  8.672944 13.602828 18.076241 0.637584 0.664430 0.651007     0.029169    empirical_0p65                2.722869 156.450125
       signal_B_signal_Kst 12.142121 18.502280 23.508243 0.656250 0.635280 0.645765     0.033070    empirical_0p65                5.400224  44.507479
       signal_B_signal_Kst 11.168317 17.634986 23.508243 0.633305 0.666523 0.649914     0.033362    empirical_0p65                4.540472  45.776510
 B_low_sideband_Kst_signal  8.672944 13.602828 19.019614 0.637584 0.699105 0.668345     0.043567      koide_2over3                2.162019 153.487736
       signal_B_signal_Kst  6.953571 11.168317 14.911377 0.622616 0.667575 0.645095     0.044060    empirical_0p65                7.060921  43.306618
 B_low_sideband_Kst_signal  9.814121 14.561416 18.076241 0.673981 0.620690 0.647335     0.046555    empirical_0p65                1.981857 129.720527
B_high_sideband_Kst_signal 12.492082 18.608790 22.975694 0.671300 0.617334 0.644317     0.049549    empirical_0p65                5.299867  53.920373
       signal_B_signal_Kst 13.085494 18.502280 23.508243 0.707237 0.635280 0.671258     0.051294      koide_2over3                5.839008  37.270082
 B_low_sideband_Kst_signal 10.437964 14.561416 19.019614 0.716823 0.653083 0.684953     0.051964      koide_2over3                1.159882 145.010000
 B_low_sideband_Kst_signal 10.437964 14.561416 19.978202 0.716823 0.685998 0.701411     0.053753      koide_2over3                0.620196 142.708584
       signal_B_signal_Kst 13.085494 19.080477 23.508243 0.685805 0.616029 0.650917     0.054134    empirical_0p65                6.203091  36.493191

END: Mon May 11 11:45:55 2026
RETURN_CODE: 0
SECONDS: 25.52
